rollout: wave 'wave-x' run 20260722T084030Z-916921: 1 tenant(s); MODE=okapi MODULE_TO=mod-service-interaction-5.0.0 MAX_FAILURES=1 DRY_RUN=true
rollout: ledger: /home/taras_spashchenko/TS/github/mod-service-interaction/docs/migration/harness/evidence/rollout-ledger.csv (append-only); evidence: /home/taras_spashchenko/TS/github/mod-service-interaction/docs/migration/harness/evidence/wave-x/20260722T084030Z-916921/<tenant>/ (immutable — a retry gets a new run-id)
[dry-run] psql -X -q -At -v ON_ERROR_STOP=1 -c SELECT\ 1 
[dry-run] curl -s -S -o /home/taras_spashchenko/TS/github/mod-service-interaction/docs/migration/harness/evidence/wave-x/20260722T084030Z-916921/health.json -w %\{http_code\} --connect-timeout 5 --max-time 60 -X GET http://x:8081/admin/health 
[dry-run] curl -s -S -o /home/taras_spashchenko/TS/github/mod-service-interaction/docs/migration/harness/evidence/wave-x/20260722T084030Z-916921/okapi-tenants.json -w %\{http_code\} --connect-timeout 5 --max-time 60 -X GET http://okapi:9130/_/proxy/tenants -H X-Okapi-Token:\ DUMMY 
rollout:   [pass] preflight: psql connectivity + /admin/health + okapi reachability
[dry-run] ledger append: 2026-07-22T08:40:30Z,"wave-x","20260722T084030Z-916921","-","run-start","INFO","mode=okapi module_to=mod-service-interaction-5.0.0 tenants=1 run_dir=/home/taras_spashchenko/TS/github/mod-service-interaction/docs/migration/harness/evidence/wave-x/20260722T084030Z-916921",""
rollout: --- tenant rowok (schema rowok_mod_service_interaction) ---
rollout:   [skip] pre-capture (LEGACY_URL/PRE_PROBES not configured) — recorded
[dry-run] psql -X -q -At -v ON_ERROR_STOP=1 -c SELECT\ count\(\*\)\ FROM\ pg_namespace\ WHERE\ nspname=\'rowok_mod_service_interaction\' 
[dry-run] psql -X -q -At -v ON_ERROR_STOP=1 -c SELECT\ table_name\|\|\'\|\'\|\|column_name\|\|\'\|\'\|\|data_type\|\|\'\|\'\|\|is_nullable\|\|\'\|\'\|\|coalesce\(column_default\,\'\'\)\ FROM\ information_schema.columns\ WHERE\ table_schema=\'rowok_mod_service_interaction\'\ AND\ table_name\ NOT\ IN\ \(\'databasechangelog\'\,\'databasechangeloglock\'\)\ ORDER\ BY\ table_name\,\ column_name > /home/taras_spashchenko/TS/github/mod-service-interaction/docs/migration/harness/evidence/wave-x/20260722T084030Z-916921/rowok/catalog-before.txt
[dry-run] psql -X -q -At -v ON_ERROR_STOP=1 -c SELECT\ format\(\'SELECT\ %L\ \|\|\ \'\'\|\'\'\ \|\|\ count\(\*\)\ FROM\ %I.%I\;\'\,\ table_name\,\ table_schema\,\ table_name\)\ FROM\ information_schema.tables\ WHERE\ table_schema=\'rowok_mod_service_interaction\'\ AND\ table_type=\'BASE\ TABLE\'\ AND\ table_name\ NOT\ IN\ \(\'databasechangelog\'\,\'databasechangeloglock\'\)\ ORDER\ BY\ table_name | psql -X -q -At -v ON_ERROR_STOP=1 > /home/taras_spashchenko/TS/github/mod-service-interaction/docs/migration/harness/evidence/wave-x/20260722T084030Z-916921/rowok/counts-before.txt
[dry-run] curl -s -S -o /home/taras_spashchenko/TS/github/mod-service-interaction/docs/migration/harness/evidence/wave-x/20260722T084030Z-916921/rowok/enable.json -w %\{http_code\} --connect-timeout 5 --max-time 60 -X POST http://okapi:9130/_/proxy/tenants/rowok/install\?deploy=true -H Content-Type:\ application/json -H X-Okapi-Token:\ DUMMY --data \[\{\"id\":\ \"mod-service-interaction-5.0.0\"\,\ \"action\":\ \"enable\"\}\] --max-time 600 
[dry-run] curl -s -S -o /home/taras_spashchenko/TS/github/mod-service-interaction/docs/migration/harness/evidence/wave-x/20260722T084030Z-916921/rowok/okapi-modules.json -w %\{http_code\} --connect-timeout 5 --max-time 60 -X GET http://okapi:9130/_/proxy/tenants/rowok/modules -H X-Okapi-Token:\ DUMMY 
[dry-run] routing verification: GET http://okapi:9130/_/proxy/tenants/rowok/modules must list mod-service-interaction-5.0.0
[dry-run] psql -X -q -At -v ON_ERROR_STOP=1 -c SELECT\ table_name\|\|\'\|\'\|\|column_name\|\|\'\|\'\|\|data_type\|\|\'\|\'\|\|is_nullable\|\|\'\|\'\|\|coalesce\(column_default\,\'\'\)\ FROM\ information_schema.columns\ WHERE\ table_schema=\'rowok_mod_service_interaction\'\ AND\ table_name\ NOT\ IN\ \(\'databasechangelog\'\,\'databasechangeloglock\'\)\ ORDER\ BY\ table_name\,\ column_name > /home/taras_spashchenko/TS/github/mod-service-interaction/docs/migration/harness/evidence/wave-x/20260722T084030Z-916921/rowok/catalog-after.txt
[dry-run] psql -X -q -At -v ON_ERROR_STOP=1 -c SELECT\ format\(\'SELECT\ %L\ \|\|\ \'\'\|\'\'\ \|\|\ count\(\*\)\ FROM\ %I.%I\;\'\,\ table_name\,\ table_schema\,\ table_name\)\ FROM\ information_schema.tables\ WHERE\ table_schema=\'rowok_mod_service_interaction\'\ AND\ table_type=\'BASE\ TABLE\'\ AND\ table_name\ NOT\ IN\ \(\'databasechangelog\'\,\'databasechangeloglock\'\)\ ORDER\ BY\ table_name | psql -X -q -At -v ON_ERROR_STOP=1 > /home/taras_spashchenko/TS/github/mod-service-interaction/docs/migration/harness/evidence/wave-x/20260722T084030Z-916921/rowok/counts-after.txt
[dry-run] diff /home/taras_spashchenko/TS/github/mod-service-interaction/docs/migration/harness/evidence/wave-x/20260722T084030Z-916921/rowok/catalog-before.txt /home/taras_spashchenko/TS/github/mod-service-interaction/docs/migration/harness/evidence/wave-x/20260722T084030Z-916921/rowok/catalog-after.txt > /home/taras_spashchenko/TS/github/mod-service-interaction/docs/migration/harness/evidence/wave-x/20260722T084030Z-916921/rowok/catalog.diff   # must be empty; the file is kept as evidence
[dry-run] row-count comparison: per-table after >= before (any shrink = FAIL)
[dry-run] psql -X -q -At -v ON_ERROR_STOP=1 -c SELECT\ count\(\*\)\ FILTER\ \(WHERE\ exectype=\'EXECUTED\'\)\ \|\|\ \'\|\'\ \|\|\ count\(\*\)\ FILTER\ \(WHERE\ exectype=\'MARK_RAN\'\)\ FROM\ rowok_mod_service_interaction.databasechangelog 
[dry-run] curl -s -S -o /home/taras_spashchenko/TS/github/mod-service-interaction/docs/migration/harness/evidence/wave-x/20260722T084030Z-916921/rowok/smoke-numgen-list.json -w %\{http_code\} --connect-timeout 5 --max-time 60 -X GET http://okapi:9130/servint/numberGenerators\?perPage=1 -H X-Okapi-Tenant:\ rowok -H X-Okapi-Token:\ DUMMY 
[dry-run] curl -s -S -o /home/taras_spashchenko/TS/github/mod-service-interaction/docs/migration/harness/evidence/wave-x/20260722T084030Z-916921/rowok/smoke-settings-list.json -w %\{http_code\} --connect-timeout 5 --max-time 60 -X GET http://okapi:9130/servint/settings/appSettings\?perPage=1 -H X-Okapi-Tenant:\ rowok -H X-Okapi-Token:\ DUMMY 
[dry-run] ledger append: 2026-07-22T08:40:30Z,"wave-x","20260722T084030Z-916921","rowok","complete","PASS","dry-run: routing verification would require /_/proxy/tenants/rowok/modules to list mod-service-interaction-5.0.0; pre-capture skipped: LEGACY_URL/PRE_PROBES not configured; dry-run: assuming adopted tenant with pre-state; smoke 2/2 pass via okapi",""
rollout:   [pass] tenant rowok complete (routing verified)
[dry-run] on any tenant failure after an effective enable, the automatic rollback would run:
[dry-run]   POST http://okapi:9130/_/proxy/tenants/<tenant>/install?deploy=true with [{"id": "mod-service-interaction-5.0.0", "action": "disable"}]   # expect 200
[dry-run]   then GET http://okapi:9130/_/proxy/tenants/<tenant>/modules to re-verify routing; a failed rollback HARD-STOPS the run
[dry-run]   and the ledger row records the fully resolved manual Phase 6.1 command (token via $OKAPI_TOKEN)
rollout: wave 'wave-x' run 20260722T084030Z-916921 finished: passed=1 failed=0 skipped=0
rollout: OK — every tenant in wave 'wave-x' passed with verified Okapi routing
